----------------------------------------
chain_id_jsonl is NOT loaded
----------------------------------------
fixed_positions_jsonl is NOT loaded
----------------------------------------
pssm_jsonl is NOT loaded
----------------------------------------
omit_AA_jsonl is NOT loaded
----------------------------------------
bias_AA_jsonl is NOT loaded
----------------------------------------
tied_positions_jsonl is NOT loaded
----------------------------------------
bias by residue dictionary is not loaded, or not provided
----------------------------------------
----------------------------------------
Number of edges: 48
Training noise level: 0.2A
Generating sequences for: 5HZG.A._modified
1 sequences of length 262 generated in 0.5425 seconds
----------------------------------------
chain_id_jsonl is NOT loaded
----------------------------------------
fixed_positions_jsonl is NOT loaded
----------------------------------------
pssm_jsonl is NOT loaded
----------------------------------------
omit_AA_jsonl is NOT loaded
----------------------------------------
bias_AA_jsonl is NOT loaded
----------------------------------------
tied_positions_jsonl is NOT loaded
----------------------------------------
bias by residue dictionary is not loaded, or not provided
----------------------------------------
----------------------------------------
Number of edges: 48
Training noise level: 0.2A
Generating sequences for: 4IH4.A
1 sequences of length 261 generated in 0.5034 seconds
(262, 21) (261, 21)
